exports[`DropdownButton DOM rendering renders correctly with changed alignment 1`] = `
<div
  className="general">
  <button
    className="KambiWidget-card-support-text-color button"
    onClick={[Function]}>
    option1
    <i />
  </button>
</div>
`;

exports[`DropdownButton DOM rendering renders correctly with default props 1`] = `
<div
  className="general">
  <button
    className="KambiWidget-card-support-text-color button"
    onClick={[Function]}>
    option1
    <i />
  </button>
</div>
`;
